[02:03:28 ERR] An error occurred using the connection to database 'atlasnoc_smoke' on server '127.0.0.1'. {"EventId": {"Id": 20004, "Name": "Microsoft.EntityFrameworkCore.Database.Connection.ConnectionError"}, "SourceContext": "Microsoft.EntityFrameworkCore.Database.Connection"}
[02:03:28 ERR] An error occurred using the connection to database 'atlasnoc_smoke' on server '127.0.0.1'. {"EventId": {"Id": 20004, "Name": "Microsoft.EntityFrameworkCore.Database.Connection.ConnectionError"}, "SourceContext": "Microsoft.EntityFrameworkCore.Database.Connection"}
[02:03:29 ERR] An error occurred using the connection to database 'atlasnoc_smoke' on server '127.0.0.1'. {"EventId": {"Id": 20004, "Name": "Microsoft.EntityFrameworkCore.Database.Connection.ConnectionError"}, "SourceContext": "Microsoft.EntityFrameworkCore.Database.Connection"}
[02:03:32 ERR] An error occurred using the connection to database 'atlasnoc_smoke' on server '127.0.0.1'. {"EventId": {"Id": 20004, "Name": "Microsoft.EntityFrameworkCore.Database.Connection.ConnectionError"}, "SourceContext": "Microsoft.EntityFrameworkCore.Database.Connection"}
[02:03:32 ERR] An exception occurred while iterating over the results of a query for context type 'AtlasNOC.Domain.Data.AtlasNOCDbContext'.
Microsoft.EntityFrameworkCore.Storage.RetryLimitExceededException: The maximum number of retries (3) was exceeded while executing database operations with 'MySqlRetryingExecutionStrategy'. See the inner exception for the most recent failure.
 ---> MySqlConnector.MySqlException (0x80004005): SSL Authentication Error
 ---> System.Security.Authentication.AuthenticationException: Authentication failed, see inner exception.
 ---> System.ComponentModel.Win32Exception (0x8009030E): No hay credenciales disponibles en el paquete de seguridad
   at System.Net.SSPIWrapper.AcquireCredentialsHandle(ISSPIInterface secModule, String package, CredentialUse intent, SCH_CREDENTIALS* scc)
   at System.Net.Security.SslStreamPal.AcquireCredentialsHandle(CredentialUse credUsage, SCH_CREDENTIALS* secureCredential)
   at System.Net.Security.SslStreamPal.AcquireCredentialsHandleSchCredentials(SslAuthenticationOptions authOptions)
   at System.Net.Security.SslStreamPal.AcquireCredentialsHandle(SslAuthenticationOptions sslAuthenticationOptions, Boolean newCredentialsRequested)
   --- End of inner exception stack trace ---
   at System.Net.Security.SslStreamPal.AcquireCredentialsHandle(SslAuthenticationOptions sslAuthenticationOptions, Boolean newCredentialsRequested)
   at System.Net.Security.SslStream.AcquireCredentialsHandle(SslAuthenticationOptions sslAuthenticationOptions, Boolean newCredentialsRequested)
   at System.Net.Security.SslStream.AcquireClientCredentials(Byte[]& thumbPrint, Boolean newCredentialsRequested)
   at System.Net.Security.SslStream.GenerateToken(ReadOnlySpan`1 inputBuffer, Byte[]& output)
   at System.Net.Security.SslStream.NextMessage(ReadOnlySpan`1 incomingBuffer, ProtocolToken& token)
   at System.Net.Security.SslStream.ForceAuthenticationAsync[TIOAdapter](Boolean receiveFirst, Byte[] reAuthenticationData, CancellationToken cancellationToken)
   at System.Net.Security.SslStream.AuthenticateAsClient(SslClientAuthenticationOptions sslClientAuthenticationOptions)
   at MySqlConnector.Core.ServerSession.InitSslAsync(ProtocolCapabilities serverCapabilities, ConnectionSettings cs, MySqlConnection connection, SslProtocols sslProtocols, IOBehavior ioBehavior, CancellationToken cancellationToken) in /_/src/MySqlConnector/Core/ServerSession.cs:line 1445
   at MySqlConnector.Core.ServerSession.InitSslAsync(ProtocolCapabilities serverCapabilities, ConnectionSettings cs, MySqlConnection connection, SslProtocols sslProtocols, IOBehavior ioBehavior, CancellationToken cancellationToken) in /_/src/MySqlConnector/Core/ServerSession.cs:line 1472
   at MySqlConnector.Core.ServerSession.ConnectAsync(ConnectionSettings cs, MySqlConnection connection, Int64 startingTimestamp, ILoadBalancer loadBalancer, Activity activity, IOBehavior ioBehavior, CancellationToken cancellationToken) in /_/src/MySqlConnector/Core/ServerSession.cs:line 523
   at MySqlConnector.Core.ConnectionPool.ConnectSessionAsync(MySqlConnection connection, Action`4 logMessage, Int64 startingTimestamp, Activity activity, IOBehavior ioBehavior, CancellationToken cancellationToken) in /_/src/MySqlConnector/Core/ConnectionPool.cs:line 428
   at MySqlConnector.Core.ConnectionPool.ConnectSessionAsync(MySqlConnection connection, Action`4 logMessage, Int64 startingTimestamp, Activity activity, IOBehavior ioBehavior, CancellationToken cancellationToken) in /_/src/MySqlConnector/Core/ConnectionPool.cs:line 433
   at MySqlConnector.Core.ConnectionPool.GetSessionAsync(MySqlConnection connection, Int64 startingTimestamp, Int32 timeoutMilliseconds, Activity activity, IOBehavior ioBehavior, CancellationToken cancellationToken) in /_/src/MySqlConnector/Core/ConnectionPool.cs:line 111
   at MySqlConnector.Core.ConnectionPool.GetSessionAsync(MySqlConnection connection, Int64 startingTimestamp, Int32 timeoutMilliseconds, Activity activity, IOBehavior ioBehavior, CancellationToken cancellationToken) in /_/src/MySqlConnector/Core/ConnectionPool.cs:line 144
   at MySqlConnector.MySqlConnection.CreateSessionAsync(ConnectionPool pool, Int64 startingTimestamp, Activity activity, Nullable`1 ioBehavior, CancellationToken cancellationToken) in /_/src/MySqlConnector/MySqlConnection.cs:line 919
   at MySqlConnector.MySqlConnection.OpenAsync(Nullable`1 ioBehavior, CancellationToken cancellationToken) in /_/src/MySqlConnector/MySqlConnection.cs:line 419
   at MySqlConnector.MySqlConnection.Open() in /_/src/MySqlConnector/MySqlConnection.cs:line 381
   at Microsoft.EntityFrameworkCore.Storage.RelationalConnection.OpenDbConnection(Boolean errorsExpected)
   at Microsoft.EntityFrameworkCore.Storage.RelationalConnection.OpenInternal(Boolean errorsExpected)
   at Microsoft.EntityFrameworkCore.Storage.RelationalConnection.Open(Boolean errorsExpected)
   at Pomelo.EntityFrameworkCore.MySql.Storage.Internal.MySqlRelationalConnection.Open(Boolean errorsExpected)
   at Microsoft.EntityFrameworkCore.Storage.RelationalCommand.ExecuteReader(RelationalCommandParameterObject parameterObject)
   at Microsoft.EntityFrameworkCore.Query.Internal.SingleQueryingEnumerable`1.Enumerator.InitializeReader(Enumerator enumerator)
   at Microsoft.EntityFrameworkCore.Query.Internal.SingleQueryingEnumerable`1.Enumerator.<>c.<MoveNext>b__21_0(DbContext _, Enumerator enumerator)
   at Microsoft.EntityFrameworkCore.Storage.ExecutionStrategy.<>c__DisplayClass28_0`2.<Execute>b__0(DbContext context, TState state)
   at Microsoft.EntityFrameworkCore.Storage.ExecutionStrategy.ExecuteImplementation[TState,TResult](Func`3 operation, Func`3 verifySucceeded, TState state)
   --- End of inner exception stack trace ---
   at Microsoft.EntityFrameworkCore.Storage.ExecutionStrategy.ExecuteImplementation[TState,TResult](Func`3 operation, Func`3 verifySucceeded, TState state)
   at Microsoft.EntityFrameworkCore.Storage.ExecutionStrategy.Execute[TState,TResult](TState state, Func`3 operation, Func`3 verifySucceeded)
   at Microsoft.EntityFrameworkCore.Query.Internal.SingleQueryingEnumerable`1.Enumerator.MoveNext() {"EventId": {"Id": 10100, "Name": "Microsoft.EntityFrameworkCore.Query.QueryIterationFailed"}, "SourceContext": "Microsoft.EntityFrameworkCore.Query"}
Microsoft.EntityFrameworkCore.Storage.RetryLimitExceededException: The maximum number of retries (3) was exceeded while executing database operations with 'MySqlRetryingExecutionStrategy'. See the inner exception for the most recent failure.
 ---> MySqlConnector.MySqlException (0x80004005): SSL Authentication Error
 ---> System.Security.Authentication.AuthenticationException: Authentication failed, see inner exception.
 ---> System.ComponentModel.Win32Exception (0x8009030E): No hay credenciales disponibles en el paquete de seguridad
   at System.Net.SSPIWrapper.AcquireCredentialsHandle(ISSPIInterface secModule, String package, CredentialUse intent, SCH_CREDENTIALS* scc)
   at System.Net.Security.SslStreamPal.AcquireCredentialsHandle(CredentialUse credUsage, SCH_CREDENTIALS* secureCredential)
   at System.Net.Security.SslStreamPal.AcquireCredentialsHandleSchCredentials(SslAuthenticationOptions authOptions)
   at System.Net.Security.SslStreamPal.AcquireCredentialsHandle(SslAuthenticationOptions sslAuthenticationOptions, Boolean newCredentialsRequested)
   --- End of inner exception stack trace ---
   at System.Net.Security.SslStreamPal.AcquireCredentialsHandle(SslAuthenticationOptions sslAuthenticationOptions, Boolean newCredentialsRequested)
   at System.Net.Security.SslStream.AcquireCredentialsHandle(SslAuthenticationOptions sslAuthenticationOptions, Boolean newCredentialsRequested)
   at System.Net.Security.SslStream.AcquireClientCredentials(Byte[]& thumbPrint, Boolean newCredentialsRequested)
   at System.Net.Security.SslStream.GenerateToken(ReadOnlySpan`1 inputBuffer, Byte[]& output)
   at System.Net.Security.SslStream.NextMessage(ReadOnlySpan`1 incomingBuffer, ProtocolToken& token)
   at System.Net.Security.SslStream.ForceAuthenticationAsync[TIOAdapter](Boolean receiveFirst, Byte[] reAuthenticationData, CancellationToken cancellationToken)
   at System.Net.Security.SslStream.AuthenticateAsClient(SslClientAuthenticationOptions sslClientAuthenticationOptions)
   at MySqlConnector.Core.ServerSession.InitSslAsync(ProtocolCapabilities serverCapabilities, ConnectionSettings cs, MySqlConnection connection, SslProtocols sslProtocols, IOBehavior ioBehavior, CancellationToken cancellationToken) in /_/src/MySqlConnector/Core/ServerSession.cs:line 1445
   at MySqlConnector.Core.ServerSession.InitSslAsync(ProtocolCapabilities serverCapabilities, ConnectionSettings cs, MySqlConnection connection, SslProtocols sslProtocols, IOBehavior ioBehavior, CancellationToken cancellationToken) in /_/src/MySqlConnector/Core/ServerSession.cs:line 1472
   at MySqlConnector.Core.ServerSession.ConnectAsync(ConnectionSettings cs, MySqlConnection connection, Int64 startingTimestamp, ILoadBalancer loadBalancer, Activity activity, IOBehavior ioBehavior, CancellationToken cancellationToken) in /_/src/MySqlConnector/Core/ServerSession.cs:line 523
   at MySqlConnector.Core.ConnectionPool.ConnectSessionAsync(MySqlConnection connection, Action`4 logMessage, Int64 startingTimestamp, Activity activity, IOBehavior ioBehavior, CancellationToken cancellationToken) in /_/src/MySqlConnector/Core/ConnectionPool.cs:line 428
   at MySqlConnector.Core.ConnectionPool.ConnectSessionAsync(MySqlConnection connection, Action`4 logMessage, Int64 startingTimestamp, Activity activity, IOBehavior ioBehavior, CancellationToken cancellationToken) in /_/src/MySqlConnector/Core/ConnectionPool.cs:line 433
   at MySqlConnector.Core.ConnectionPool.GetSessionAsync(MySqlConnection connection, Int64 startingTimestamp, Int32 timeoutMilliseconds, Activity activity, IOBehavior ioBehavior, CancellationToken cancellationToken) in /_/src/MySqlConnector/Core/ConnectionPool.cs:line 111
   at MySqlConnector.Core.ConnectionPool.GetSessionAsync(MySqlConnection connection, Int64 startingTimestamp, Int32 timeoutMilliseconds, Activity activity, IOBehavior ioBehavior, CancellationToken cancellationToken) in /_/src/MySqlConnector/Core/ConnectionPool.cs:line 144
   at MySqlConnector.MySqlConnection.CreateSessionAsync(ConnectionPool pool, Int64 startingTimestamp, Activity activity, Nullable`1 ioBehavior, CancellationToken cancellationToken) in /_/src/MySqlConnector/MySqlConnection.cs:line 919
   at MySqlConnector.MySqlConnection.OpenAsync(Nullable`1 ioBehavior, CancellationToken cancellationToken) in /_/src/MySqlConnector/MySqlConnection.cs:line 419
   at MySqlConnector.MySqlConnection.Open() in /_/src/MySqlConnector/MySqlConnection.cs:line 381
   at Microsoft.EntityFrameworkCore.Storage.RelationalConnection.OpenDbConnection(Boolean errorsExpected)
   at Microsoft.EntityFrameworkCore.Storage.RelationalConnection.OpenInternal(Boolean errorsExpected)
   at Microsoft.EntityFrameworkCore.Storage.RelationalConnection.Open(Boolean errorsExpected)
   at Pomelo.EntityFrameworkCore.MySql.Storage.Internal.MySqlRelationalConnection.Open(Boolean errorsExpected)
   at Microsoft.EntityFrameworkCore.Storage.RelationalCommand.ExecuteReader(RelationalCommandParameterObject parameterObject)
   at Microsoft.EntityFrameworkCore.Query.Internal.SingleQueryingEnumerable`1.Enumerator.InitializeReader(Enumerator enumerator)
   at Microsoft.EntityFrameworkCore.Query.Internal.SingleQueryingEnumerable`1.Enumerator.<>c.<MoveNext>b__21_0(DbContext _, Enumerator enumerator)
   at Microsoft.EntityFrameworkCore.Storage.ExecutionStrategy.<>c__DisplayClass28_0`2.<Execute>b__0(DbContext context, TState state)
   at Microsoft.EntityFrameworkCore.Storage.ExecutionStrategy.ExecuteImplementation[TState,TResult](Func`3 operation, Func`3 verifySucceeded, TState state)
   --- End of inner exception stack trace ---
   at Microsoft.EntityFrameworkCore.Storage.ExecutionStrategy.ExecuteImplementation[TState,TResult](Func`3 operation, Func`3 verifySucceeded, TState state)
   at Microsoft.EntityFrameworkCore.Storage.ExecutionStrategy.Execute[TState,TResult](TState state, Func`3 operation, Func`3 verifySucceeded)
   at Microsoft.EntityFrameworkCore.Query.Internal.SingleQueryingEnumerable`1.Enumerator.MoveNext()
[02:03:32 ERR] An error occurred while reading the key ring. {"EventId": {"Id": 48, "Name": "ErrorOccurredWhileReadingKeyRing"}, "SourceContext": "Microsoft.AspNetCore.DataProtection.KeyManagement.KeyRingProvider"}
Microsoft.EntityFrameworkCore.Storage.RetryLimitExceededException: The maximum number of retries (3) was exceeded while executing database operations with 'MySqlRetryingExecutionStrategy'. See the inner exception for the most recent failure.
 ---> MySqlConnector.MySqlException (0x80004005): SSL Authentication Error
 ---> System.Security.Authentication.AuthenticationException: Authentication failed, see inner exception.
 ---> System.ComponentModel.Win32Exception (0x8009030E): No hay credenciales disponibles en el paquete de seguridad
   at System.Net.SSPIWrapper.AcquireCredentialsHandle(ISSPIInterface secModule, String package, CredentialUse intent, SCH_CREDENTIALS* scc)
   at System.Net.Security.SslStreamPal.AcquireCredentialsHandle(CredentialUse credUsage, SCH_CREDENTIALS* secureCredential)
   at System.Net.Security.SslStreamPal.AcquireCredentialsHandleSchCredentials(SslAuthenticationOptions authOptions)
   at System.Net.Security.SslStreamPal.AcquireCredentialsHandle(SslAuthenticationOptions sslAuthenticationOptions, Boolean newCredentialsRequested)
   --- End of inner exception stack trace ---
   at System.Net.Security.SslStreamPal.AcquireCredentialsHandle(SslAuthenticationOptions sslAuthenticationOptions, Boolean newCredentialsRequested)
   at System.Net.Security.SslStream.AcquireCredentialsHandle(SslAuthenticationOptions sslAuthenticationOptions, Boolean newCredentialsRequested)
   at System.Net.Security.SslStream.AcquireClientCredentials(Byte[]& thumbPrint, Boolean newCredentialsRequested)
   at System.Net.Security.SslStream.GenerateToken(ReadOnlySpan`1 inputBuffer, Byte[]& output)
   at System.Net.Security.SslStream.NextMessage(ReadOnlySpan`1 incomingBuffer, ProtocolToken& token)
   at System.Net.Security.SslStream.ForceAuthenticationAsync[TIOAdapter](Boolean receiveFirst, Byte[] reAuthenticationData, CancellationToken cancellationToken)
   at System.Net.Security.SslStream.AuthenticateAsClient(SslClientAuthenticationOptions sslClientAuthenticationOptions)
   at MySqlConnector.Core.ServerSession.InitSslAsync(ProtocolCapabilities serverCapabilities, ConnectionSettings cs, MySqlConnection connection, SslProtocols sslProtocols, IOBehavior ioBehavior, CancellationToken cancellationToken) in /_/src/MySqlConnector/Core/ServerSession.cs:line 1445
   at MySqlConnector.Core.ServerSession.InitSslAsync(ProtocolCapabilities serverCapabilities, ConnectionSettings cs, MySqlConnection connection, SslProtocols sslProtocols, IOBehavior ioBehavior, CancellationToken cancellationToken) in /_/src/MySqlConnector/Core/ServerSession.cs:line 1472
   at MySqlConnector.Core.ServerSession.ConnectAsync(ConnectionSettings cs, MySqlConnection connection, Int64 startingTimestamp, ILoadBalancer loadBalancer, Activity activity, IOBehavior ioBehavior, CancellationToken cancellationToken) in /_/src/MySqlConnector/Core/ServerSession.cs:line 523
   at MySqlConnector.Core.ConnectionPool.ConnectSessionAsync(MySqlConnection connection, Action`4 logMessage, Int64 startingTimestamp, Activity activity, IOBehavior ioBehavior, CancellationToken cancellationToken) in /_/src/MySqlConnector/Core/ConnectionPool.cs:line 428
   at MySqlConnector.Core.ConnectionPool.ConnectSessionAsync(MySqlConnection connection, Action`4 logMessage, Int64 startingTimestamp, Activity activity, IOBehavior ioBehavior, CancellationToken cancellationToken) in /_/src/MySqlConnector/Core/ConnectionPool.cs:line 433
   at MySqlConnector.Core.ConnectionPool.GetSessionAsync(MySqlConnection connection, Int64 startingTimestamp, Int32 timeoutMilliseconds, Activity activity, IOBehavior ioBehavior, CancellationToken cancellationToken) in /_/src/MySqlConnector/Core/ConnectionPool.cs:line 111
   at MySqlConnector.Core.ConnectionPool.GetSessionAsync(MySqlConnection connection, Int64 startingTimestamp, Int32 timeoutMilliseconds, Activity activity, IOBehavior ioBehavior, CancellationToken cancellationToken) in /_/src/MySqlConnector/Core/ConnectionPool.cs:line 144
   at MySqlConnector.MySqlConnection.CreateSessionAsync(ConnectionPool pool, Int64 startingTimestamp, Activity activity, Nullable`1 ioBehavior, CancellationToken cancellationToken) in /_/src/MySqlConnector/MySqlConnection.cs:line 919
   at MySqlConnector.MySqlConnection.OpenAsync(Nullable`1 ioBehavior, CancellationToken cancellationToken) in /_/src/MySqlConnector/MySqlConnection.cs:line 419
   at MySqlConnector.MySqlConnection.Open() in /_/src/MySqlConnector/MySqlConnection.cs:line 381
   at Microsoft.EntityFrameworkCore.Storage.RelationalConnection.OpenDbConnection(Boolean errorsExpected)
   at Microsoft.EntityFrameworkCore.Storage.RelationalConnection.OpenInternal(Boolean errorsExpected)
   at Microsoft.EntityFrameworkCore.Storage.RelationalConnection.Open(Boolean errorsExpected)
   at Pomelo.EntityFrameworkCore.MySql.Storage.Internal.MySqlRelationalConnection.Open(Boolean errorsExpected)
   at Microsoft.EntityFrameworkCore.Storage.RelationalCommand.ExecuteReader(RelationalCommandParameterObject parameterObject)
   at Microsoft.EntityFrameworkCore.Query.Internal.SingleQueryingEnumerable`1.Enumerator.InitializeReader(Enumerator enumerator)
   at Microsoft.EntityFrameworkCore.Query.Internal.SingleQueryingEnumerable`1.Enumerator.<>c.<MoveNext>b__21_0(DbContext _, Enumerator enumerator)
   at Microsoft.EntityFrameworkCore.Storage.ExecutionStrategy.<>c__DisplayClass28_0`2.<Execute>b__0(DbContext context, TState state)
   at Microsoft.EntityFrameworkCore.Storage.ExecutionStrategy.ExecuteImplementation[TState,TResult](Func`3 operation, Func`3 verifySucceeded, TState state)
   --- End of inner exception stack trace ---
   at Microsoft.EntityFrameworkCore.Storage.ExecutionStrategy.ExecuteImplementation[TState,TResult](Func`3 operation, Func`3 verifySucceeded, TState state)
   at Microsoft.EntityFrameworkCore.Storage.ExecutionStrategy.Execute[TState,TResult](TState state, Func`3 operation, Func`3 verifySucceeded)
   at Microsoft.EntityFrameworkCore.Query.Internal.SingleQueryingEnumerable`1.Enumerator.MoveNext()
   at Microsoft.AspNetCore.DataProtection.EntityFrameworkCore.EntityFrameworkCoreXmlRepository`1.<GetAllElements>g__GetAllElementsCore|3_0()+MoveNext()
   at System.Collections.Generic.List`1..ctor(IEnumerable`1 collection)
   at System.Linq.Enumerable.ToList[TSource](IEnumerable`1 source)
   at Microsoft.AspNetCore.DataProtection.EntityFrameworkCore.EntityFrameworkCoreXmlRepository`1.GetAllElements()
   at Microsoft.AspNetCore.DataProtection.KeyManagement.XmlKeyManager.GetAllKeys()
   at Microsoft.AspNetCore.DataProtection.KeyManagement.KeyRingProvider.CreateCacheableKeyRingCore(DateTimeOffset now, IKey keyJustAdded)
   at Microsoft.AspNetCore.DataProtection.KeyManagement.KeyRingProvider.GetCurrentKeyRingCore(DateTime utcNow, Boolean forceRefresh)
[02:03:32 INF] Polling hosted service starting {"SourceContext": "AtlasNOC.Domain.Services.PollingHostedService"}
[02:03:32 ERR] An error occurred using the connection to database 'atlasnoc_smoke' on server '127.0.0.1'. {"EventId": {"Id": 20004, "Name": "Microsoft.EntityFrameworkCore.Database.Connection.ConnectionError"}, "SourceContext": "Microsoft.EntityFrameworkCore.Database.Connection"}
[02:03:32 INF] Notification hosted service starting {"SourceContext": "AtlasNOC.Domain.Services.NotificationHostedService"}
[02:03:32 ERR] An error occurred using the connection to database 'atlasnoc_smoke' on server '127.0.0.1'. {"EventId": {"Id": 20004, "Name": "Microsoft.EntityFrameworkCore.Database.Connection.ConnectionError"}, "SourceContext": "Microsoft.EntityFrameworkCore.Database.Connection"}
[02:03:32 INF] CVE Background Service started. Fetch interval: 1.00:00:00 {"SourceContext": "AtlasNOC.Services.CveBackgroundService"}
[02:03:33 ERR] An error occurred using the connection to database 'atlasnoc_smoke' on server '127.0.0.1'. {"EventId": {"Id": 20004, "Name": "Microsoft.EntityFrameworkCore.Database.Connection.ConnectionError"}, "SourceContext": "Microsoft.EntityFrameworkCore.Database.Connection"}
[02:03:36 ERR] An error occurred using the connection to database 'atlasnoc_smoke' on server '127.0.0.1'. {"EventId": {"Id": 20004, "Name": "Microsoft.EntityFrameworkCore.Database.Connection.ConnectionError"}, "SourceContext": "Microsoft.EntityFrameworkCore.Database.Connection"}
[02:03:36 ERR] An exception occurred while iterating over the results of a query for context type 'AtlasNOC.Domain.Data.AtlasNOCDbContext'.
Microsoft.EntityFrameworkCore.Storage.RetryLimitExceededException: The maximum number of retries (3) was exceeded while executing database operations with 'MySqlRetryingExecutionStrategy'. See the inner exception for the most recent failure.
 ---> MySqlConnector.MySqlException (0x80004005): SSL Authentication Error
 ---> System.Security.Authentication.AuthenticationException: Authentication failed, see inner exception.
 ---> System.ComponentModel.Win32Exception (0x8009030E): No hay credenciales disponibles en el paquete de seguridad
   at System.Net.SSPIWrapper.AcquireCredentialsHandle(ISSPIInterface secModule, String package, CredentialUse intent, SCH_CREDENTIALS* scc)
   at System.Net.Security.SslStreamPal.AcquireCredentialsHandle(CredentialUse credUsage, SCH_CREDENTIALS* secureCredential)
   at System.Net.Security.SslStreamPal.AcquireCredentialsHandleSchCredentials(SslAuthenticationOptions authOptions)
   at System.Net.Security.SslStreamPal.AcquireCredentialsHandle(SslAuthenticationOptions sslAuthenticationOptions, Boolean newCredentialsRequested)
   --- End of inner exception stack trace ---
   at System.Net.Security.SslStreamPal.AcquireCredentialsHandle(SslAuthenticationOptions sslAuthenticationOptions, Boolean newCredentialsRequested)
   at System.Net.Security.SslStream.AcquireCredentialsHandle(SslAuthenticationOptions sslAuthenticationOptions, Boolean newCredentialsRequested)
   at System.Net.Security.SslStream.AcquireClientCredentials(Byte[]& thumbPrint, Boolean newCredentialsRequested)
   at System.Net.Security.SslStream.GenerateToken(ReadOnlySpan`1 inputBuffer, Byte[]& output)
   at System.Net.Security.SslStream.NextMessage(ReadOnlySpan`1 incomingBuffer, ProtocolToken& token)
   at System.Net.Security.SslStream.ForceAuthenticationAsync[TIOAdapter](Boolean receiveFirst, Byte[] reAuthenticationData, CancellationToken cancellationToken)
   at MySqlConnector.Core.ServerSession.InitSslAsync(ProtocolCapabilities serverCapabilities, ConnectionSettings cs, MySqlConnection connection, SslProtocols sslProtocols, IOBehavior ioBehavior, CancellationToken cancellationToken) in /_/src/MySqlConnector/Core/ServerSession.cs:line 1434
   at MySqlConnector.Core.ServerSession.InitSslAsync(ProtocolCapabilities serverCapabilities, ConnectionSettings cs, MySqlConnection connection, SslProtocols sslProtocols, IOBehavior ioBehavior, CancellationToken cancellationToken) in /_/src/MySqlConnector/Core/ServerSession.cs:line 1472
   at MySqlConnector.Core.ServerSession.ConnectAsync(ConnectionSettings cs, MySqlConnection connection, Int64 startingTimestamp, ILoadBalancer loadBalancer, Activity activity, IOBehavior ioBehavior, CancellationToken cancellationToken) in /_/src/MySqlConnector/Core/ServerSession.cs:line 523
   at MySqlConnector.Core.ConnectionPool.ConnectSessionAsync(MySqlConnection connection, Action`4 logMessage, Int64 startingTimestamp, Activity activity, IOBehavior ioBehavior, CancellationToken cancellationToken) in /_/src/MySqlConnector/Core/ConnectionPool.cs:line 428
   at MySqlConnector.Core.ConnectionPool.ConnectSessionAsync(MySqlConnection connection, Action`4 logMessage, Int64 startingTimestamp, Activity activity, IOBehavior ioBehavior, CancellationToken cancellationToken) in /_/src/MySqlConnector/Core/ConnectionPool.cs:line 433
   at MySqlConnector.Core.ConnectionPool.GetSessionAsync(MySqlConnection connection, Int64 startingTimestamp, Int32 timeoutMilliseconds, Activity activity, IOBehavior ioBehavior, CancellationToken cancellationToken) in /_/src/MySqlConnector/Core/ConnectionPool.cs:line 111
   at MySqlConnector.Core.ConnectionPool.GetSessionAsync(MySqlConnection connection, Int64 startingTimestamp, Int32 timeoutMilliseconds, Activity activity, IOBehavior ioBehavior, CancellationToken cancellationToken) in /_/src/MySqlConnector/Core/ConnectionPool.cs:line 144
   at MySqlConnector.MySqlConnection.CreateSessionAsync(ConnectionPool pool, Int64 startingTimestamp, Activity activity, Nullable`1 ioBehavior, CancellationToken cancellationToken) in /_/src/MySqlConnector/MySqlConnection.cs:line 919
   at MySqlConnector.MySqlConnection.OpenAsync(Nullable`1 ioBehavior, CancellationToken cancellationToken) in /_/src/MySqlConnector/MySqlConnection.cs:line 419
   at Microsoft.EntityFrameworkCore.Storage.RelationalConnection.OpenInternalAsync(Boolean errorsExpected, CancellationToken cancellationToken)
   at Microsoft.EntityFrameworkCore.Storage.RelationalConnection.OpenInternalAsync(Boolean errorsExpected, CancellationToken cancellationToken)
   at Microsoft.EntityFrameworkCore.Storage.RelationalConnection.OpenAsync(CancellationToken cancellationToken, Boolean errorsExpected)
   at Pomelo.EntityFrameworkCore.MySql.Storage.Internal.MySqlRelationalConnection.OpenAsync(CancellationToken cancellationToken, Boolean errorsExpected)
   at Microsoft.EntityFrameworkCore.Storage.RelationalCommand.ExecuteReaderAsync(RelationalCommandParameterObject parameterObject, CancellationToken cancellationToken)
   at Microsoft.EntityFrameworkCore.Query.Internal.SingleQueryingEnumerable`1.AsyncEnumerator.InitializeReaderAsync(AsyncEnumerator enumerator, CancellationToken cancellationToken)
   at Microsoft.EntityFrameworkCore.Storage.ExecutionStrategy.<>c__DisplayClass30_0`2.<<ExecuteAsync>b__0>d.MoveNext()
--- End of stack trace from previous location ---
   at Microsoft.EntityFrameworkCore.Storage.ExecutionStrategy.ExecuteImplementationAsync[TState,TResult](Func`4 operation, Func`4 verifySucceeded, TState state, CancellationToken cancellationToken)
   --- End of inner exception stack trace ---
   at Microsoft.EntityFrameworkCore.Storage.ExecutionStrategy.ExecuteImplementationAsync[TState,TResult](Func`4 operation, Func`4 verifySucceeded, TState state, CancellationToken cancellationToken)
   at Microsoft.EntityFrameworkCore.Storage.ExecutionStrategy.ExecuteAsync[TState,TResult](TState state, Func`4 operation, Func`4 verifySucceeded, CancellationToken cancellationToken)
   at Microsoft.EntityFrameworkCore.Query.Internal.SingleQueryingEnumerable`1.AsyncEnumerator.MoveNextAsync() {"EventId": {"Id": 10100, "Name": "Microsoft.EntityFrameworkCore.Query.QueryIterationFailed"}, "SourceContext": "Microsoft.EntityFrameworkCore.Query"}
Microsoft.EntityFrameworkCore.Storage.RetryLimitExceededException: The maximum number of retries (3) was exceeded while executing database operations with 'MySqlRetryingExecutionStrategy'. See the inner exception for the most recent failure.
 ---> MySqlConnector.MySqlException (0x80004005): SSL Authentication Error
 ---> System.Security.Authentication.AuthenticationException: Authentication failed, see inner exception.
 ---> System.ComponentModel.Win32Exception (0x8009030E): No hay credenciales disponibles en el paquete de seguridad
   at System.Net.SSPIWrapper.AcquireCredentialsHandle(ISSPIInterface secModule, String package, CredentialUse intent, SCH_CREDENTIALS* scc)
   at System.Net.Security.SslStreamPal.AcquireCredentialsHandle(CredentialUse credUsage, SCH_CREDENTIALS* secureCredential)
   at System.Net.Security.SslStreamPal.AcquireCredentialsHandleSchCredentials(SslAuthenticationOptions authOptions)
   at System.Net.Security.SslStreamPal.AcquireCredentialsHandle(SslAuthenticationOptions sslAuthenticationOptions, Boolean newCredentialsRequested)
   --- End of inner exception stack trace ---
   at System.Net.Security.SslStreamPal.AcquireCredentialsHandle(SslAuthenticationOptions sslAuthenticationOptions, Boolean newCredentialsRequested)
   at System.Net.Security.SslStream.AcquireCredentialsHandle(SslAuthenticationOptions sslAuthenticationOptions, Boolean newCredentialsRequested)
   at System.Net.Security.SslStream.AcquireClientCredentials(Byte[]& thumbPrint, Boolean newCredentialsRequested)
   at System.Net.Security.SslStream.GenerateToken(ReadOnlySpan`1 inputBuffer, Byte[]& output)
   at System.Net.Security.SslStream.NextMessage(ReadOnlySpan`1 incomingBuffer, ProtocolToken& token)
   at System.Net.Security.SslStream.ForceAuthenticationAsync[TIOAdapter](Boolean receiveFirst, Byte[] reAuthenticationData, CancellationToken cancellationToken)
   at MySqlConnector.Core.ServerSession.InitSslAsync(ProtocolCapabilities serverCapabilities, ConnectionSettings cs, MySqlConnection connection, SslProtocols sslProtocols, IOBehavior ioBehavior, CancellationToken cancellationToken) in /_/src/MySqlConnector/Core/ServerSession.cs:line 1434
   at MySqlConnector.Core.ServerSession.InitSslAsync(ProtocolCapabilities serverCapabilities, ConnectionSettings cs, MySqlConnection connection, SslProtocols sslProtocols, IOBehavior ioBehavior, CancellationToken cancellationToken) in /_/src/MySqlConnector/Core/ServerSession.cs:line 1472
   at MySqlConnector.Core.ServerSession.ConnectAsync(ConnectionSettings cs, MySqlConnection connection, Int64 startingTimestamp, ILoadBalancer loadBalancer, Activity activity, IOBehavior ioBehavior, CancellationToken cancellationToken) in /_/src/MySqlConnector/Core/ServerSession.cs:line 523
   at MySqlConnector.Core.ConnectionPool.ConnectSessionAsync(MySqlConnection connection, Action`4 logMessage, Int64 startingTimestamp, Activity activity, IOBehavior ioBehavior, CancellationToken cancellationToken) in /_/src/MySqlConnector/Core/ConnectionPool.cs:line 428
   at MySqlConnector.Core.ConnectionPool.ConnectSessionAsync(MySqlConnection connection, Action`4 logMessage, Int64 startingTimestamp, Activity activity, IOBehavior ioBehavior, CancellationToken cancellationToken) in /_/src/MySqlConnector/Core/ConnectionPool.cs:line 433
   at MySqlConnector.Core.ConnectionPool.GetSessionAsync(MySqlConnection connection, Int64 startingTimestamp, Int32 timeoutMilliseconds, Activity activity, IOBehavior ioBehavior, CancellationToken cancellationToken) in /_/src/MySqlConnector/Core/ConnectionPool.cs:line 111
   at MySqlConnector.Core.ConnectionPool.GetSessionAsync(MySqlConnection connection, Int64 startingTimestamp, Int32 timeoutMilliseconds, Activity activity, IOBehavior ioBehavior, CancellationToken cancellationToken) in /_/src/MySqlConnector/Core/ConnectionPool.cs:line 144
   at MySqlConnector.MySqlConnection.CreateSessionAsync(ConnectionPool pool, Int64 startingTimestamp, Activity activity, Nullable`1 ioBehavior, CancellationToken cancellationToken) in /_/src/MySqlConnector/MySqlConnection.cs:line 919
   at MySqlConnector.MySqlConnection.OpenAsync(Nullable`1 ioBehavior, CancellationToken cancellationToken) in /_/src/MySqlConnector/MySqlConnection.cs:line 419
   at Microsoft.EntityFrameworkCore.Storage.RelationalConnection.OpenInternalAsync(Boolean errorsExpected, CancellationToken cancellationToken)
   at Microsoft.EntityFrameworkCore.Storage.RelationalConnection.OpenInternalAsync(Boolean errorsExpected, CancellationToken cancellationToken)
   at Microsoft.EntityFrameworkCore.Storage.RelationalConnection.OpenAsync(CancellationToken cancellationToken, Boolean errorsExpected)
   at Pomelo.EntityFrameworkCore.MySql.Storage.Internal.MySqlRelationalConnection.OpenAsync(CancellationToken cancellationToken, Boolean errorsExpected)
   at Microsoft.EntityFrameworkCore.Storage.RelationalCommand.ExecuteReaderAsync(RelationalCommandParameterObject parameterObject, CancellationToken cancellationToken)
   at Microsoft.EntityFrameworkCore.Query.Internal.SingleQueryingEnumerable`1.AsyncEnumerator.InitializeReaderAsync(AsyncEnumerator enumerator, CancellationToken cancellationToken)
   at Microsoft.EntityFrameworkCore.Storage.ExecutionStrategy.<>c__DisplayClass30_0`2.<<ExecuteAsync>b__0>d.MoveNext()
--- End of stack trace from previous location ---
   at Microsoft.EntityFrameworkCore.Storage.ExecutionStrategy.ExecuteImplementationAsync[TState,TResult](Func`4 operation, Func`4 verifySucceeded, TState state, CancellationToken cancellationToken)
   --- End of inner exception stack trace ---
   at Microsoft.EntityFrameworkCore.Storage.ExecutionStrategy.ExecuteImplementationAsync[TState,TResult](Func`4 operation, Func`4 verifySucceeded, TState state, CancellationToken cancellationToken)
   at Microsoft.EntityFrameworkCore.Storage.ExecutionStrategy.ExecuteAsync[TState,TResult](TState state, Func`4 operation, Func`4 verifySucceeded, CancellationToken cancellationToken)
   at Microsoft.EntityFrameworkCore.Query.Internal.SingleQueryingEnumerable`1.AsyncEnumerator.MoveNextAsync()
[02:03:36 ERR] Error in polling loop {"SourceContext": "AtlasNOC.Domain.Services.PollingHostedService"}
Microsoft.EntityFrameworkCore.Storage.RetryLimitExceededException: The maximum number of retries (3) was exceeded while executing database operations with 'MySqlRetryingExecutionStrategy'. See the inner exception for the most recent failure.
 ---> MySqlConnector.MySqlException (0x80004005): SSL Authentication Error
 ---> System.Security.Authentication.AuthenticationException: Authentication failed, see inner exception.
 ---> System.ComponentModel.Win32Exception (0x8009030E): No hay credenciales disponibles en el paquete de seguridad
   at System.Net.SSPIWrapper.AcquireCredentialsHandle(ISSPIInterface secModule, String package, CredentialUse intent, SCH_CREDENTIALS* scc)
   at System.Net.Security.SslStreamPal.AcquireCredentialsHandle(CredentialUse credUsage, SCH_CREDENTIALS* secureCredential)
   at System.Net.Security.SslStreamPal.AcquireCredentialsHandleSchCredentials(SslAuthenticationOptions authOptions)
   at System.Net.Security.SslStreamPal.AcquireCredentialsHandle(SslAuthenticationOptions sslAuthenticationOptions, Boolean newCredentialsRequested)
   --- End of inner exception stack trace ---
   at System.Net.Security.SslStreamPal.AcquireCredentialsHandle(SslAuthenticationOptions sslAuthenticationOptions, Boolean newCredentialsRequested)
   at System.Net.Security.SslStream.AcquireCredentialsHandle(SslAuthenticationOptions sslAuthenticationOptions, Boolean newCredentialsRequested)
   at System.Net.Security.SslStream.AcquireClientCredentials(Byte[]& thumbPrint, Boolean newCredentialsRequested)
   at System.Net.Security.SslStream.GenerateToken(ReadOnlySpan`1 inputBuffer, Byte[]& output)
   at System.Net.Security.SslStream.NextMessage(ReadOnlySpan`1 incomingBuffer, ProtocolToken& token)
   at System.Net.Security.SslStream.ForceAuthenticationAsync[TIOAdapter](Boolean receiveFirst, Byte[] reAuthenticationData, CancellationToken cancellationToken)
   at MySqlConnector.Core.ServerSession.InitSslAsync(ProtocolCapabilities serverCapabilities, ConnectionSettings cs, MySqlConnection connection, SslProtocols sslProtocols, IOBehavior ioBehavior, CancellationToken cancellationToken) in /_/src/MySqlConnector/Core/ServerSession.cs:line 1434
   at MySqlConnector.Core.ServerSession.InitSslAsync(ProtocolCapabilities serverCapabilities, ConnectionSettings cs, MySqlConnection connection, SslProtocols sslProtocols, IOBehavior ioBehavior, CancellationToken cancellationToken) in /_/src/MySqlConnector/Core/ServerSession.cs:line 1472
   at MySqlConnector.Core.ServerSession.ConnectAsync(ConnectionSettings cs, MySqlConnection connection, Int64 startingTimestamp, ILoadBalancer loadBalancer, Activity activity, IOBehavior ioBehavior, CancellationToken cancellationToken) in /_/src/MySqlConnector/Core/ServerSession.cs:line 523
   at MySqlConnector.Core.ConnectionPool.ConnectSessionAsync(MySqlConnection connection, Action`4 logMessage, Int64 startingTimestamp, Activity activity, IOBehavior ioBehavior, CancellationToken cancellationToken) in /_/src/MySqlConnector/Core/ConnectionPool.cs:line 428
   at MySqlConnector.Core.ConnectionPool.ConnectSessionAsync(MySqlConnection connection, Action`4 logMessage, Int64 startingTimestamp, Activity activity, IOBehavior ioBehavior, CancellationToken cancellationToken) in /_/src/MySqlConnector/Core/ConnectionPool.cs:line 433
   at MySqlConnector.Core.ConnectionPool.GetSessionAsync(MySqlConnection connection, Int64 startingTimestamp, Int32 timeoutMilliseconds, Activity activity, IOBehavior ioBehavior, CancellationToken cancellationToken) in /_/src/MySqlConnector/Core/ConnectionPool.cs:line 111
   at MySqlConnector.Core.ConnectionPool.GetSessionAsync(MySqlConnection connection, Int64 startingTimestamp, Int32 timeoutMilliseconds, Activity activity, IOBehavior ioBehavior, CancellationToken cancellationToken) in /_/src/MySqlConnector/Core/ConnectionPool.cs:line 144
   at MySqlConnector.MySqlConnection.CreateSessionAsync(ConnectionPool pool, Int64 startingTimestamp, Activity activity, Nullable`1 ioBehavior, CancellationToken cancellationToken) in /_/src/MySqlConnector/MySqlConnection.cs:line 919
   at MySqlConnector.MySqlConnection.OpenAsync(Nullable`1 ioBehavior, CancellationToken cancellationToken) in /_/src/MySqlConnector/MySqlConnection.cs:line 419
   at Microsoft.EntityFrameworkCore.Storage.RelationalConnection.OpenInternalAsync(Boolean errorsExpected, CancellationToken cancellationToken)
   at Microsoft.EntityFrameworkCore.Storage.RelationalConnection.OpenInternalAsync(Boolean errorsExpected, CancellationToken cancellationToken)
   at Microsoft.EntityFrameworkCore.Storage.RelationalConnection.OpenAsync(CancellationToken cancellationToken, Boolean errorsExpected)
   at Pomelo.EntityFrameworkCore.MySql.Storage.Internal.MySqlRelationalConnection.OpenAsync(CancellationToken cancellationToken, Boolean errorsExpected)
   at Microsoft.EntityFrameworkCore.Storage.RelationalCommand.ExecuteReaderAsync(RelationalCommandParameterObject parameterObject, CancellationToken cancellationToken)
   at Microsoft.EntityFrameworkCore.Query.Internal.SingleQueryingEnumerable`1.AsyncEnumerator.InitializeReaderAsync(AsyncEnumerator enumerator, CancellationToken cancellationToken)
   at Microsoft.EntityFrameworkCore.Storage.ExecutionStrategy.<>c__DisplayClass30_0`2.<<ExecuteAsync>b__0>d.MoveNext()
--- End of stack trace from previous location ---
   at Microsoft.EntityFrameworkCore.Storage.ExecutionStrategy.ExecuteImplementationAsync[TState,TResult](Func`4 operation, Func`4 verifySucceeded, TState state, CancellationToken cancellationToken)
   --- End of inner exception stack trace ---
   at Microsoft.EntityFrameworkCore.Storage.ExecutionStrategy.ExecuteImplementationAsync[TState,TResult](Func`4 operation, Func`4 verifySucceeded, TState state, CancellationToken cancellationToken)
   at Microsoft.EntityFrameworkCore.Storage.ExecutionStrategy.ExecuteAsync[TState,TResult](TState state, Func`4 operation, Func`4 verifySucceeded, CancellationToken cancellationToken)
   at Microsoft.EntityFrameworkCore.Query.Internal.SingleQueryingEnumerable`1.AsyncEnumerator.MoveNextAsync()
   at Microsoft.EntityFrameworkCore.EntityFrameworkQueryableExtensions.ToListAsync[TSource](IQueryable`1 source, CancellationToken cancellationToken)
   at Microsoft.EntityFrameworkCore.EntityFrameworkQueryableExtensions.ToListAsync[TSource](IQueryable`1 source, CancellationToken cancellationToken)
   at AtlasNOC.Domain.Services.EfCoreRepository`1.GetAllAsync(CancellationToken cancellationToken) in C:\Users\Admin\source\repos\AtlasNOC\AtlasNOC.Domain\Services\EfCoreRepository.cs:line 32
   at AtlasNOC.Domain.Services.PollingService.PollAllAsync(CancellationToken cancellationToken) in C:\Users\Admin\source\repos\AtlasNOC\AtlasNOC.Domain\Services\Implementations\PollingService.cs:line 162
   at AtlasNOC.Domain.Services.PollingHostedService.ExecuteAsync(CancellationToken stoppingToken) in C:\Users\Admin\source\repos\AtlasNOC\AtlasNOC.Domain\Services\Implementations\PollingHostedService.cs:line 32
[02:03:45 INF] HTTP GET /health/live responded 200 in 49.8006 ms {"RequestHost": "127.0.0.1:5102", "RequestScheme": "http", "UserAgent": "Mozilla/5.0 (Windows NT 10.0; Microsoft Windows 10.0.19045; es-MX) PowerShell/7.6.4", "SourceContext": "Serilog.AspNetCore.RequestLoggingMiddleware"}
[02:03:45 ERR] Health check mysql with status Unhealthy completed after 3.3249ms with message 'null' {"EventId": {"Id": 103, "Name": "HealthCheckEnd"}, "SourceContext": "Microsoft.Extensions.Diagnostics.HealthChecks.DefaultHealthCheckService", "RequestId": "0HNO4RBH0JEDU:00000001", "RequestPath": "/health/ready", "ConnectionId": "0HNO4RBH0JEDU"}
MySqlConnector.MySqlException (0x80004005): SSL Authentication Error
 ---> System.Security.Authentication.AuthenticationException: Authentication failed, see inner exception.
 ---> System.ComponentModel.Win32Exception (0x8009030E): No hay credenciales disponibles en el paquete de seguridad
   at System.Net.SSPIWrapper.AcquireCredentialsHandle(ISSPIInterface secModule, String package, CredentialUse intent, SCH_CREDENTIALS* scc)
   at System.Net.Security.SslStreamPal.AcquireCredentialsHandle(CredentialUse credUsage, SCH_CREDENTIALS* secureCredential)
   at System.Net.Security.SslStreamPal.AcquireCredentialsHandleSchCredentials(SslAuthenticationOptions authOptions)
   at System.Net.Security.SslStreamPal.AcquireCredentialsHandle(SslAuthenticationOptions sslAuthenticationOptions, Boolean newCredentialsRequested)
   --- End of inner exception stack trace ---
   at System.Net.Security.SslStreamPal.AcquireCredentialsHandle(SslAuthenticationOptions sslAuthenticationOptions, Boolean newCredentialsRequested)
   at System.Net.Security.SslStream.AcquireCredentialsHandle(SslAuthenticationOptions sslAuthenticationOptions, Boolean newCredentialsRequested)
   at System.Net.Security.SslStream.AcquireClientCredentials(Byte[]& thumbPrint, Boolean newCredentialsRequested)
   at System.Net.Security.SslStream.GenerateToken(ReadOnlySpan`1 inputBuffer, Byte[]& output)
   at System.Net.Security.SslStream.NextMessage(ReadOnlySpan`1 incomingBuffer, ProtocolToken& token)
   at System.Net.Security.SslStream.ForceAuthenticationAsync[TIOAdapter](Boolean receiveFirst, Byte[] reAuthenticationData, CancellationToken cancellationToken)
   at MySqlConnector.Core.ServerSession.InitSslAsync(ProtocolCapabilities serverCapabilities, ConnectionSettings cs, MySqlConnection connection, SslProtocols sslProtocols, IOBehavior ioBehavior, CancellationToken cancellationToken) in /_/src/MySqlConnector/Core/ServerSession.cs:line 1434
   at MySqlConnector.Core.ServerSession.InitSslAsync(ProtocolCapabilities serverCapabilities, ConnectionSettings cs, MySqlConnection connection, SslProtocols sslProtocols, IOBehavior ioBehavior, CancellationToken cancellationToken) in /_/src/MySqlConnector/Core/ServerSession.cs:line 1472
   at MySqlConnector.Core.ServerSession.ConnectAsync(ConnectionSettings cs, MySqlConnection connection, Int64 startingTimestamp, ILoadBalancer loadBalancer, Activity activity, IOBehavior ioBehavior, CancellationToken cancellationToken) in /_/src/MySqlConnector/Core/ServerSession.cs:line 523
   at MySqlConnector.Core.ConnectionPool.ConnectSessionAsync(MySqlConnection connection, Action`4 logMessage, Int64 startingTimestamp, Activity activity, IOBehavior ioBehavior, CancellationToken cancellationToken) in /_/src/MySqlConnector/Core/ConnectionPool.cs:line 428
   at MySqlConnector.Core.ConnectionPool.ConnectSessionAsync(MySqlConnection connection, Action`4 logMessage, Int64 startingTimestamp, Activity activity, IOBehavior ioBehavior, CancellationToken cancellationToken) in /_/src/MySqlConnector/Core/ConnectionPool.cs:line 433
   at MySqlConnector.Core.ConnectionPool.GetSessionAsync(MySqlConnection connection, Int64 startingTimestamp, Int32 timeoutMilliseconds, Activity activity, IOBehavior ioBehavior, CancellationToken cancellationToken) in /_/src/MySqlConnector/Core/ConnectionPool.cs:line 111
   at MySqlConnector.Core.ConnectionPool.GetSessionAsync(MySqlConnection connection, Int64 startingTimestamp, Int32 timeoutMilliseconds, Activity activity, IOBehavior ioBehavior, CancellationToken cancellationToken) in /_/src/MySqlConnector/Core/ConnectionPool.cs:line 144
   at MySqlConnector.MySqlConnection.CreateSessionAsync(ConnectionPool pool, Int64 startingTimestamp, Activity activity, Nullable`1 ioBehavior, CancellationToken cancellationToken) in /_/src/MySqlConnector/MySqlConnection.cs:line 919
   at MySqlConnector.MySqlConnection.OpenAsync(Nullable`1 ioBehavior, CancellationToken cancellationToken) in /_/src/MySqlConnector/MySqlConnection.cs:line 419
   at HealthChecks.MySql.MySqlHealthCheck.CheckHealthAsync(HealthCheckContext context, CancellationToken cancellationToken) in /_/src/HealthChecks.MySql/MySqlHealthCheck.cs:line 28
[02:03:45 WRN] Health check redis with status Degraded completed after 4.694ms with message 'null' {"EventId": {"Id": 103, "Name": "HealthCheckEnd"}, "SourceContext": "Microsoft.Extensions.Diagnostics.HealthChecks.DefaultHealthCheckService", "RequestId": "0HNO4RBH0JEDU:00000001", "RequestPath": "/health/ready", "ConnectionId": "0HNO4RBH0JEDU"}
System.ArgumentException: is empty (Parameter 'configuration')
   at StackExchange.Redis.ConfigurationOptions.DoParse(String configuration, Boolean ignoreUnknown) in /_/src/StackExchange.Redis/ConfigurationOptions.cs:line 875
   at StackExchange.Redis.ConfigurationOptions.Parse(String configuration, Boolean ignoreUnknown) in /_/src/StackExchange.Redis/ConfigurationOptions.cs:line 676
   at StackExchange.Redis.ConfigurationOptions.Parse(String configuration) in /_/src/StackExchange.Redis/ConfigurationOptions.cs:line 666
   at StackExchange.Redis.ConnectionMultiplexer.ConnectAsync(String configuration, TextWriter log) in /_/src/StackExchange.Redis/ConnectionMultiplexer.cs:line 575
   at HealthChecks.Redis.RedisHealthCheck.CheckHealthAsync(HealthCheckContext context, CancellationToken cancellationToken) in /_/src/HealthChecks.Redis/RedisHealthCheck.cs:line 53
[02:03:45 ERR] An error occurred using the connection to database '' on server '127.0.0.1'. {"EventId": {"Id": 20004, "Name": "Microsoft.EntityFrameworkCore.Database.Connection.ConnectionError"}, "SourceContext": "Microsoft.EntityFrameworkCore.Database.Connection", "HealthCheckName": "database", "RequestId": "0HNO4RBH0JEDU:00000001", "RequestPath": "/health/ready", "ConnectionId": "0HNO4RBH0JEDU"}
[02:03:45 ERR] An error occurred using the connection to database '' on server '127.0.0.1'. {"EventId": {"Id": 20004, "Name": "Microsoft.EntityFrameworkCore.Database.Connection.ConnectionError"}, "SourceContext": "Microsoft.EntityFrameworkCore.Database.Connection", "HealthCheckName": "database", "RequestId": "0HNO4RBH0JEDU:00000001", "RequestPath": "/health/ready", "ConnectionId": "0HNO4RBH0JEDU"}
[02:03:46 ERR] An error occurred using the connection to database '' on server '127.0.0.1'. {"EventId": {"Id": 20004, "Name": "Microsoft.EntityFrameworkCore.Database.Connection.ConnectionError"}, "SourceContext": "Microsoft.EntityFrameworkCore.Database.Connection", "HealthCheckName": "database", "RequestId": "0HNO4RBH0JEDU:00000001", "RequestPath": "/health/ready", "ConnectionId": "0HNO4RBH0JEDU"}
[02:03:49 ERR] An error occurred using the connection to database '' on server '127.0.0.1'. {"EventId": {"Id": 20004, "Name": "Microsoft.EntityFrameworkCore.Database.Connection.ConnectionError"}, "SourceContext": "Microsoft.EntityFrameworkCore.Database.Connection", "HealthCheckName": "database", "RequestId": "0HNO4RBH0JEDU:00000001", "RequestPath": "/health/ready", "ConnectionId": "0HNO4RBH0JEDU"}
[02:03:49 ERR] Health check database with status Unhealthy completed after 4203.6698ms with message 'null' {"EventId": {"Id": 103, "Name": "HealthCheckEnd"}, "SourceContext": "Microsoft.Extensions.Diagnostics.HealthChecks.DefaultHealthCheckService", "RequestId": "0HNO4RBH0JEDU:00000001", "RequestPath": "/health/ready", "ConnectionId": "0HNO4RBH0JEDU"}
[02:03:49 ERR] HTTP GET /health/ready responded 503 in 4208.3772 ms {"RequestHost": "127.0.0.1:5102", "RequestScheme": "http", "UserAgent": "Mozilla/5.0 (Windows NT 10.0; Microsoft Windows 10.0.19045; es-MX) PowerShell/7.6.4", "SourceContext": "Serilog.AspNetCore.RequestLoggingMiddleware"}
[02:03:49 INF] AuthenticationScheme: AtlasApiKey was challenged. {"EventId": {"Id": 12, "Name": "AuthenticationSchemeChallenged"}, "SourceContext": "AtlasNOC.Services.ApiKeyAuthenticationHandler", "RequestId": "0HNO4RBH0JEDV:00000001", "RequestPath": "/api/devices", "ConnectionId": "0HNO4RBH0JEDV"}
[02:03:49 WRN] HTTP GET /api/devices responded 401 in 6.9950 ms {"RequestHost": "127.0.0.1:5102", "RequestScheme": "http", "UserAgent": "Mozilla/5.0 (Windows NT 10.0; Microsoft Windows 10.0.19045; es-MX) PowerShell/7.6.4", "SourceContext": "Serilog.AspNetCore.RequestLoggingMiddleware"}
[02:04:02 ERR] An error occurred using the connection to database 'atlasnoc_smoke' on server '127.0.0.1'. {"EventId": {"Id": 20004, "Name": "Microsoft.EntityFrameworkCore.Database.Connection.ConnectionError"}, "SourceContext": "Microsoft.EntityFrameworkCore.Database.Connection"}
[02:04:02 ERR] An error occurred using the connection to database 'atlasnoc_smoke' on server '127.0.0.1'. {"EventId": {"Id": 20004, "Name": "Microsoft.EntityFrameworkCore.Database.Connection.ConnectionError"}, "SourceContext": "Microsoft.EntityFrameworkCore.Database.Connection"}
[02:04:03 ERR] An error occurred using the connection to database 'atlasnoc_smoke' on server '127.0.0.1'. {"EventId": {"Id": 20004, "Name": "Microsoft.EntityFrameworkCore.Database.Connection.ConnectionError"}, "SourceContext": "Microsoft.EntityFrameworkCore.Database.Connection"}
[02:04:06 ERR] An error occurred using the connection to database 'atlasnoc_smoke' on server '127.0.0.1'. {"EventId": {"Id": 20004, "Name": "Microsoft.EntityFrameworkCore.Database.Connection.ConnectionError"}, "SourceContext": "Microsoft.EntityFrameworkCore.Database.Connection"}
[02:04:06 ERR] An exception occurred while iterating over the results of a query for context type 'AtlasNOC.Domain.Data.AtlasNOCDbContext'.
Microsoft.EntityFrameworkCore.Storage.RetryLimitExceededException: The maximum number of retries (3) was exceeded while executing database operations with 'MySqlRetryingExecutionStrategy'. See the inner exception for the most recent failure.
 ---> MySqlConnector.MySqlException (0x80004005): SSL Authentication Error
 ---> System.Security.Authentication.AuthenticationException: Authentication failed, see inner exception.
 ---> System.ComponentModel.Win32Exception (0x8009030E): No hay credenciales disponibles en el paquete de seguridad
   at System.Net.SSPIWrapper.AcquireCredentialsHandle(ISSPIInterface secModule, String package, CredentialUse intent, SCH_CREDENTIALS* scc)
   at System.Net.Security.SslStreamPal.AcquireCredentialsHandle(CredentialUse credUsage, SCH_CREDENTIALS* secureCredential)
   at System.Net.Security.SslStreamPal.AcquireCredentialsHandleSchCredentials(SslAuthenticationOptions authOptions)
   at System.Net.Security.SslStreamPal.AcquireCredentialsHandle(SslAuthenticationOptions sslAuthenticationOptions, Boolean newCredentialsRequested)
   --- End of inner exception stack trace ---
   at System.Net.Security.SslStreamPal.AcquireCredentialsHandle(SslAuthenticationOptions sslAuthenticationOptions, Boolean newCredentialsRequested)
   at System.Net.Security.SslStream.AcquireCredentialsHandle(SslAuthenticationOptions sslAuthenticationOptions, Boolean newCredentialsRequested)
   at System.Net.Security.SslStream.AcquireClientCredentials(Byte[]& thumbPrint, Boolean newCredentialsRequested)
   at System.Net.Security.SslStream.GenerateToken(ReadOnlySpan`1 inputBuffer, Byte[]& output)
   at System.Net.Security.SslStream.NextMessage(ReadOnlySpan`1 incomingBuffer, ProtocolToken& token)
   at System.Net.Security.SslStream.ForceAuthenticationAsync[TIOAdapter](Boolean receiveFirst, Byte[] reAuthenticationData, CancellationToken cancellationToken)
   at MySqlConnector.Core.ServerSession.InitSslAsync(ProtocolCapabilities serverCapabilities, ConnectionSettings cs, MySqlConnection connection, SslProtocols sslProtocols, IOBehavior ioBehavior, CancellationToken cancellationToken) in /_/src/MySqlConnector/Core/ServerSession.cs:line 1434
   at MySqlConnector.Core.ServerSession.InitSslAsync(ProtocolCapabilities serverCapabilities, ConnectionSettings cs, MySqlConnection connection, SslProtocols sslProtocols, IOBehavior ioBehavior, CancellationToken cancellationToken) in /_/src/MySqlConnector/Core/ServerSession.cs:line 1472
   at MySqlConnector.Core.ServerSession.ConnectAsync(ConnectionSettings cs, MySqlConnection connection, Int64 startingTimestamp, ILoadBalancer loadBalancer, Activity activity, IOBehavior ioBehavior, CancellationToken cancellationToken) in /_/src/MySqlConnector/Core/ServerSession.cs:line 523
   at MySqlConnector.Core.ConnectionPool.ConnectSessionAsync(MySqlConnection connection, Action`4 logMessage, Int64 startingTimestamp, Activity activity, IOBehavior ioBehavior, CancellationToken cancellationToken) in /_/src/MySqlConnector/Core/ConnectionPool.cs:line 428
   at MySqlConnector.Core.ConnectionPool.ConnectSessionAsync(MySqlConnection connection, Action`4 logMessage, Int64 startingTimestamp, Activity activity, IOBehavior ioBehavior, CancellationToken cancellationToken) in /_/src/MySqlConnector/Core/ConnectionPool.cs:line 433
   at MySqlConnector.Core.ConnectionPool.GetSessionAsync(MySqlConnection connection, Int64 startingTimestamp, Int32 timeoutMilliseconds, Activity activity, IOBehavior ioBehavior, CancellationToken cancellationToken) in /_/src/MySqlConnector/Core/ConnectionPool.cs:line 111
   at MySqlConnector.Core.ConnectionPool.GetSessionAsync(MySqlConnection connection, Int64 startingTimestamp, Int32 timeoutMilliseconds, Activity activity, IOBehavior ioBehavior, CancellationToken cancellationToken) in /_/src/MySqlConnector/Core/ConnectionPool.cs:line 144
   at MySqlConnector.MySqlConnection.CreateSessionAsync(ConnectionPool pool, Int64 startingTimestamp, Activity activity, Nullable`1 ioBehavior, CancellationToken cancellationToken) in /_/src/MySqlConnector/MySqlConnection.cs:line 919
   at MySqlConnector.MySqlConnection.OpenAsync(Nullable`1 ioBehavior, CancellationToken cancellationToken) in /_/src/MySqlConnector/MySqlConnection.cs:line 419
   at Microsoft.EntityFrameworkCore.Storage.RelationalConnection.OpenInternalAsync(Boolean errorsExpected, CancellationToken cancellationToken)
   at Microsoft.EntityFrameworkCore.Storage.RelationalConnection.OpenInternalAsync(Boolean errorsExpected, CancellationToken cancellationToken)
   at Microsoft.EntityFrameworkCore.Storage.RelationalConnection.OpenAsync(CancellationToken cancellationToken, Boolean errorsExpected)
   at Pomelo.EntityFrameworkCore.MySql.Storage.Internal.MySqlRelationalConnection.OpenAsync(CancellationToken cancellationToken, Boolean errorsExpected)
   at Microsoft.EntityFrameworkCore.Storage.RelationalCommand.ExecuteReaderAsync(RelationalCommandParameterObject parameterObject, CancellationToken cancellationToken)
   at Microsoft.EntityFrameworkCore.Query.Internal.SingleQueryingEnumerable`1.AsyncEnumerator.InitializeReaderAsync(AsyncEnumerator enumerator, CancellationToken cancellationToken)
   at Microsoft.EntityFrameworkCore.Storage.ExecutionStrategy.<>c__DisplayClass30_0`2.<<ExecuteAsync>b__0>d.MoveNext()
--- End of stack trace from previous location ---
   at Microsoft.EntityFrameworkCore.Storage.ExecutionStrategy.ExecuteImplementationAsync[TState,TResult](Func`4 operation, Func`4 verifySucceeded, TState state, CancellationToken cancellationToken)
   --- End of inner exception stack trace ---
   at Microsoft.EntityFrameworkCore.Storage.ExecutionStrategy.ExecuteImplementationAsync[TState,TResult](Func`4 operation, Func`4 verifySucceeded, TState state, CancellationToken cancellationToken)
   at Microsoft.EntityFrameworkCore.Storage.ExecutionStrategy.ExecuteAsync[TState,TResult](TState state, Func`4 operation, Func`4 verifySucceeded, CancellationToken cancellationToken)
   at Microsoft.EntityFrameworkCore.Query.Internal.SingleQueryingEnumerable`1.AsyncEnumerator.MoveNextAsync() {"EventId": {"Id": 10100, "Name": "Microsoft.EntityFrameworkCore.Query.QueryIterationFailed"}, "SourceContext": "Microsoft.EntityFrameworkCore.Query"}
Microsoft.EntityFrameworkCore.Storage.RetryLimitExceededException: The maximum number of retries (3) was exceeded while executing database operations with 'MySqlRetryingExecutionStrategy'. See the inner exception for the most recent failure.
 ---> MySqlConnector.MySqlException (0x80004005): SSL Authentication Error
 ---> System.Security.Authentication.AuthenticationException: Authentication failed, see inner exception.
 ---> System.ComponentModel.Win32Exception (0x8009030E): No hay credenciales disponibles en el paquete de seguridad
   at System.Net.SSPIWrapper.AcquireCredentialsHandle(ISSPIInterface secModule, String package, CredentialUse intent, SCH_CREDENTIALS* scc)
   at System.Net.Security.SslStreamPal.AcquireCredentialsHandle(CredentialUse credUsage, SCH_CREDENTIALS* secureCredential)
   at System.Net.Security.SslStreamPal.AcquireCredentialsHandleSchCredentials(SslAuthenticationOptions authOptions)
   at System.Net.Security.SslStreamPal.AcquireCredentialsHandle(SslAuthenticationOptions sslAuthenticationOptions, Boolean newCredentialsRequested)
   --- End of inner exception stack trace ---
   at System.Net.Security.SslStreamPal.AcquireCredentialsHandle(SslAuthenticationOptions sslAuthenticationOptions, Boolean newCredentialsRequested)
   at System.Net.Security.SslStream.AcquireCredentialsHandle(SslAuthenticationOptions sslAuthenticationOptions, Boolean newCredentialsRequested)
   at System.Net.Security.SslStream.AcquireClientCredentials(Byte[]& thumbPrint, Boolean newCredentialsRequested)
   at System.Net.Security.SslStream.GenerateToken(ReadOnlySpan`1 inputBuffer, Byte[]& output)
   at System.Net.Security.SslStream.NextMessage(ReadOnlySpan`1 incomingBuffer, ProtocolToken& token)
   at System.Net.Security.SslStream.ForceAuthenticationAsync[TIOAdapter](Boolean receiveFirst, Byte[] reAuthenticationData, CancellationToken cancellationToken)
   at MySqlConnector.Core.ServerSession.InitSslAsync(ProtocolCapabilities serverCapabilities, ConnectionSettings cs, MySqlConnection connection, SslProtocols sslProtocols, IOBehavior ioBehavior, CancellationToken cancellationToken) in /_/src/MySqlConnector/Core/ServerSession.cs:line 1434
   at MySqlConnector.Core.ServerSession.InitSslAsync(ProtocolCapabilities serverCapabilities, ConnectionSettings cs, MySqlConnection connection, SslProtocols sslProtocols, IOBehavior ioBehavior, CancellationToken cancellationToken) in /_/src/MySqlConnector/Core/ServerSession.cs:line 1472
   at MySqlConnector.Core.ServerSession.ConnectAsync(ConnectionSettings cs, MySqlConnection connection, Int64 startingTimestamp, ILoadBalancer loadBalancer, Activity activity, IOBehavior ioBehavior, CancellationToken cancellationToken) in /_/src/MySqlConnector/Core/ServerSession.cs:line 523
   at MySqlConnector.Core.ConnectionPool.ConnectSessionAsync(MySqlConnection connection, Action`4 logMessage, Int64 startingTimestamp, Activity activity, IOBehavior ioBehavior, CancellationToken cancellationToken) in /_/src/MySqlConnector/Core/ConnectionPool.cs:line 428
   at MySqlConnector.Core.ConnectionPool.ConnectSessionAsync(MySqlConnection connection, Action`4 logMessage, Int64 startingTimestamp, Activity activity, IOBehavior ioBehavior, CancellationToken cancellationToken) in /_/src/MySqlConnector/Core/ConnectionPool.cs:line 433
   at MySqlConnector.Core.ConnectionPool.GetSessionAsync(MySqlConnection connection, Int64 startingTimestamp, Int32 timeoutMilliseconds, Activity activity, IOBehavior ioBehavior, CancellationToken cancellationToken) in /_/src/MySqlConnector/Core/ConnectionPool.cs:line 111
   at MySqlConnector.Core.ConnectionPool.GetSessionAsync(MySqlConnection connection, Int64 startingTimestamp, Int32 timeoutMilliseconds, Activity activity, IOBehavior ioBehavior, CancellationToken cancellationToken) in /_/src/MySqlConnector/Core/ConnectionPool.cs:line 144
   at MySqlConnector.MySqlConnection.CreateSessionAsync(ConnectionPool pool, Int64 startingTimestamp, Activity activity, Nullable`1 ioBehavior, CancellationToken cancellationToken) in /_/src/MySqlConnector/MySqlConnection.cs:line 919
   at MySqlConnector.MySqlConnection.OpenAsync(Nullable`1 ioBehavior, CancellationToken cancellationToken) in /_/src/MySqlConnector/MySqlConnection.cs:line 419
   at Microsoft.EntityFrameworkCore.Storage.RelationalConnection.OpenInternalAsync(Boolean errorsExpected, CancellationToken cancellationToken)
   at Microsoft.EntityFrameworkCore.Storage.RelationalConnection.OpenInternalAsync(Boolean errorsExpected, CancellationToken cancellationToken)
   at Microsoft.EntityFrameworkCore.Storage.RelationalConnection.OpenAsync(CancellationToken cancellationToken, Boolean errorsExpected)
   at Pomelo.EntityFrameworkCore.MySql.Storage.Internal.MySqlRelationalConnection.OpenAsync(CancellationToken cancellationToken, Boolean errorsExpected)
   at Microsoft.EntityFrameworkCore.Storage.RelationalCommand.ExecuteReaderAsync(RelationalCommandParameterObject parameterObject, CancellationToken cancellationToken)
   at Microsoft.EntityFrameworkCore.Query.Internal.SingleQueryingEnumerable`1.AsyncEnumerator.InitializeReaderAsync(AsyncEnumerator enumerator, CancellationToken cancellationToken)
   at Microsoft.EntityFrameworkCore.Storage.ExecutionStrategy.<>c__DisplayClass30_0`2.<<ExecuteAsync>b__0>d.MoveNext()
--- End of stack trace from previous location ---
   at Microsoft.EntityFrameworkCore.Storage.ExecutionStrategy.ExecuteImplementationAsync[TState,TResult](Func`4 operation, Func`4 verifySucceeded, TState state, CancellationToken cancellationToken)
   --- End of inner exception stack trace ---
   at Microsoft.EntityFrameworkCore.Storage.ExecutionStrategy.ExecuteImplementationAsync[TState,TResult](Func`4 operation, Func`4 verifySucceeded, TState state, CancellationToken cancellationToken)
   at Microsoft.EntityFrameworkCore.Storage.ExecutionStrategy.ExecuteAsync[TState,TResult](TState state, Func`4 operation, Func`4 verifySucceeded, CancellationToken cancellationToken)
   at Microsoft.EntityFrameworkCore.Query.Internal.SingleQueryingEnumerable`1.AsyncEnumerator.MoveNextAsync()
[02:04:06 ERR] Error fetching CVE data {"SourceContext": "AtlasNOC.Services.CveBackgroundService"}
Microsoft.EntityFrameworkCore.Storage.RetryLimitExceededException: The maximum number of retries (3) was exceeded while executing database operations with 'MySqlRetryingExecutionStrategy'. See the inner exception for the most recent failure.
 ---> MySqlConnector.MySqlException (0x80004005): SSL Authentication Error
 ---> System.Security.Authentication.AuthenticationException: Authentication failed, see inner exception.
 ---> System.ComponentModel.Win32Exception (0x8009030E): No hay credenciales disponibles en el paquete de seguridad
   at System.Net.SSPIWrapper.AcquireCredentialsHandle(ISSPIInterface secModule, String package, CredentialUse intent, SCH_CREDENTIALS* scc)
   at System.Net.Security.SslStreamPal.AcquireCredentialsHandle(CredentialUse credUsage, SCH_CREDENTIALS* secureCredential)
   at System.Net.Security.SslStreamPal.AcquireCredentialsHandleSchCredentials(SslAuthenticationOptions authOptions)
   at System.Net.Security.SslStreamPal.AcquireCredentialsHandle(SslAuthenticationOptions sslAuthenticationOptions, Boolean newCredentialsRequested)
   --- End of inner exception stack trace ---
   at System.Net.Security.SslStreamPal.AcquireCredentialsHandle(SslAuthenticationOptions sslAuthenticationOptions, Boolean newCredentialsRequested)
   at System.Net.Security.SslStream.AcquireCredentialsHandle(SslAuthenticationOptions sslAuthenticationOptions, Boolean newCredentialsRequested)
   at System.Net.Security.SslStream.AcquireClientCredentials(Byte[]& thumbPrint, Boolean newCredentialsRequested)
   at System.Net.Security.SslStream.GenerateToken(ReadOnlySpan`1 inputBuffer, Byte[]& output)
   at System.Net.Security.SslStream.NextMessage(ReadOnlySpan`1 incomingBuffer, ProtocolToken& token)
   at System.Net.Security.SslStream.ForceAuthenticationAsync[TIOAdapter](Boolean receiveFirst, Byte[] reAuthenticationData, CancellationToken cancellationToken)
   at MySqlConnector.Core.ServerSession.InitSslAsync(ProtocolCapabilities serverCapabilities, ConnectionSettings cs, MySqlConnection connection, SslProtocols sslProtocols, IOBehavior ioBehavior, CancellationToken cancellationToken) in /_/src/MySqlConnector/Core/ServerSession.cs:line 1434
   at MySqlConnector.Core.ServerSession.InitSslAsync(ProtocolCapabilities serverCapabilities, ConnectionSettings cs, MySqlConnection connection, SslProtocols sslProtocols, IOBehavior ioBehavior, CancellationToken cancellationToken) in /_/src/MySqlConnector/Core/ServerSession.cs:line 1472
   at MySqlConnector.Core.ServerSession.ConnectAsync(ConnectionSettings cs, MySqlConnection connection, Int64 startingTimestamp, ILoadBalancer loadBalancer, Activity activity, IOBehavior ioBehavior, CancellationToken cancellationToken) in /_/src/MySqlConnector/Core/ServerSession.cs:line 523
   at MySqlConnector.Core.ConnectionPool.ConnectSessionAsync(MySqlConnection connection, Action`4 logMessage, Int64 startingTimestamp, Activity activity, IOBehavior ioBehavior, CancellationToken cancellationToken) in /_/src/MySqlConnector/Core/ConnectionPool.cs:line 428
   at MySqlConnector.Core.ConnectionPool.ConnectSessionAsync(MySqlConnection connection, Action`4 logMessage, Int64 startingTimestamp, Activity activity, IOBehavior ioBehavior, CancellationToken cancellationToken) in /_/src/MySqlConnector/Core/ConnectionPool.cs:line 433
   at MySqlConnector.Core.ConnectionPool.GetSessionAsync(MySqlConnection connection, Int64 startingTimestamp, Int32 timeoutMilliseconds, Activity activity, IOBehavior ioBehavior, CancellationToken cancellationToken) in /_/src/MySqlConnector/Core/ConnectionPool.cs:line 111
   at MySqlConnector.Core.ConnectionPool.GetSessionAsync(MySqlConnection connection, Int64 startingTimestamp, Int32 timeoutMilliseconds, Activity activity, IOBehavior ioBehavior, CancellationToken cancellationToken) in /_/src/MySqlConnector/Core/ConnectionPool.cs:line 144
   at MySqlConnector.MySqlConnection.CreateSessionAsync(ConnectionPool pool, Int64 startingTimestamp, Activity activity, Nullable`1 ioBehavior, CancellationToken cancellationToken) in /_/src/MySqlConnector/MySqlConnection.cs:line 919
   at MySqlConnector.MySqlConnection.OpenAsync(Nullable`1 ioBehavior, CancellationToken cancellationToken) in /_/src/MySqlConnector/MySqlConnection.cs:line 419
   at Microsoft.EntityFrameworkCore.Storage.RelationalConnection.OpenInternalAsync(Boolean errorsExpected, CancellationToken cancellationToken)
   at Microsoft.EntityFrameworkCore.Storage.RelationalConnection.OpenInternalAsync(Boolean errorsExpected, CancellationToken cancellationToken)
   at Microsoft.EntityFrameworkCore.Storage.RelationalConnection.OpenAsync(CancellationToken cancellationToken, Boolean errorsExpected)
   at Pomelo.EntityFrameworkCore.MySql.Storage.Internal.MySqlRelationalConnection.OpenAsync(CancellationToken cancellationToken, Boolean errorsExpected)
   at Microsoft.EntityFrameworkCore.Storage.RelationalCommand.ExecuteReaderAsync(RelationalCommandParameterObject parameterObject, CancellationToken cancellationToken)
   at Microsoft.EntityFrameworkCore.Query.Internal.SingleQueryingEnumerable`1.AsyncEnumerator.InitializeReaderAsync(AsyncEnumerator enumerator, CancellationToken cancellationToken)
   at Microsoft.EntityFrameworkCore.Storage.ExecutionStrategy.<>c__DisplayClass30_0`2.<<ExecuteAsync>b__0>d.MoveNext()
--- End of stack trace from previous location ---
   at Microsoft.EntityFrameworkCore.Storage.ExecutionStrategy.ExecuteImplementationAsync[TState,TResult](Func`4 operation, Func`4 verifySucceeded, TState state, CancellationToken cancellationToken)
   --- End of inner exception stack trace ---
   at Microsoft.EntityFrameworkCore.Storage.ExecutionStrategy.ExecuteImplementationAsync[TState,TResult](Func`4 operation, Func`4 verifySucceeded, TState state, CancellationToken cancellationToken)
   at Microsoft.EntityFrameworkCore.Storage.ExecutionStrategy.ExecuteAsync[TState,TResult](TState state, Func`4 operation, Func`4 verifySucceeded, CancellationToken cancellationToken)
   at Microsoft.EntityFrameworkCore.Query.Internal.SingleQueryingEnumerable`1.AsyncEnumerator.MoveNextAsync()
   at Microsoft.EntityFrameworkCore.EntityFrameworkQueryableExtensions.ToListAsync[TSource](IQueryable`1 source, CancellationToken cancellationToken)
   at Microsoft.EntityFrameworkCore.EntityFrameworkQueryableExtensions.ToListAsync[TSource](IQueryable`1 source, CancellationToken cancellationToken)
   at AtlasNOC.Services.CveBackgroundService.FetchAndStoreCvesAsync(CancellationToken cancellationToken) in C:\Users\Admin\source\repos\AtlasNOC\Services\CveBackgroundService.cs:line 102
   at AtlasNOC.Services.CveBackgroundService.ExecuteAsync(CancellationToken stoppingToken) in C:\Users\Admin\source\repos\AtlasNOC\Services\CveBackgroundService.cs:line 70
